*.ua
*10minutemail.com
*4freerussia.org
*4pda.ru
*4pda.to
*4pna.com
*adguard-dns.com
*adguard.com
*adobe.com
*adobe.io
*ads-twitter.com
*alphacoders.com
*amazonaws.com
*amd.com
*amdm.ru
*amnezia.org
*aplawrence.com
*appspot.com
*appstorrent.ru
*atlassian.com
*bbc.co.uk
*bbc.com
*bbci.co.uk
*bellingcat.com
*bgpmon.net
*bing.com
*bitbucket.org
*brawlstarsgame.com
*canva.com
*capcut.com
*cdninstagram.com
*censortracker.org
*chatgpt.com
*chess.com
*cisco.com
*claude.ai
*coursera.org
*deezer.com
*dell.com
*dellcdn.com
*deviantart.com
*digitalocean.com
*discours.io
*elastic.co
*etsy.com
*facebook.com
*facebook.net
*fb.com
*fbcdn.net
*fbsbx.com
*ficbook.net
*flibusta.is
*freeimages.com
*geforcenow.com
*ggpht.com
*gitlab.com
*gitlab.io
*glpals.com
*gnome-look.org
*goodreads.com
*googleapis.com
*googletagmanager.com
*googlevideo.com
*gr-assets.com
*grafana.com
*grammarly.com
*grani.ru
*graylog.org
*hashicorp.com
*huawei.com
*ibm.com
*ig.me
*ign.com
*iherb.com
*instagram.com
*intel.com
*intel.de
*intellij.net
*internalfb.com
*iptv.online
*istories.media
*jetbrains.com
*kino.pub
*kinobase.org
*lambdalabs.com
*lamcdn.net
*lenovo.com
*licdn.com
*linkedin.com
*linktr.ee
*localbitcoins.com
*mdza.io
*mediazona.ca
*mediazona.online
*medium.com
*meduza.io
*megapeer.ru
*metacritic.com
*mongodb.com
*mongodb.org
*navalny.com
*netflix.com
*netlify.com
*nflxext.com
*nflximg.net
*nflxvideo.net
*nnmclub.to
*notion-static.com
*notion.com
*notion.new
*notion.site
*notion.so
*novaya.no
*novayagazeta.eu
*novayagazeta.ru
*onlinesim.ru
*openai.com
*openmedia.io
*opensea.io
*opentrackr.org
*ovd.info
*ovd.legal
*ovd.news
*ovdinfo.org
*paperpaper.io
*paperpaper.ru
*patreon.com
*paypal.com
*periscope.tv
*pexels.com
*phncdn.com
*php.su
*pornolab.net
*proton.me
*protonmail.ch
*protonmail.com
*qt.io
*reactflow.dev
*redis.com
*redis.io
*redtube.com
*rutor.info
*rutor.is
*rutor.org
*rutracker.cc
*rutracker.net
*rutracker.org
*rutracker.ru
*sxyprn.net
*salesforce-experience.com
*salesforce-hub.com
*salesforce-scrt.com
*salesforce-setup.com
*salesforce-sites.com
*salesforce.com
*salesforceiq.com
*salesforceliveagent.com
*sap.com
*sentry.io
*showip.net
*skladchik.com
*sky.com
*skycdp.com
*skyscanner.com
*slideshare.net
*snort.org
*spotify.com
*strava.com
*swagger.io
*t-ru.org
*t.co
*tableau.com
*terraform.io
*the-village.ru
*theaudiodb.com
*themoviedb.org
*thepiratebay.org
*ti.com
*tidal.com
*tik-tokapi.com
*tiktok.com
*tiktokcdn-eu.com
*tiktokcdn-us.com
*tiktokcdn.com
*tiktokd.net
*tiktokd.org
*tiktokv.com
*tiktokv.us
*tiktokw.us
*torproject.org
*torrent.by
*torrentgalaxy.to
*tracker.wf
*tweetdeck.com
*twimg.com
*twirpx.com
*twitpic.com
*twitter.biz
*twitter.com
*twitter.jp
*twittercommunity.com
*twitterflightschool.com
*twitterinc.com
*twitteroauth.com
*twitterstat.us
*twtrdns.net
*twttr.com
*twttr.net
*twvid.com
*ubnt.com
*vagrantcloud.com
*veeam.com
*watchguard.com
*weather.com
*wheather.com
*wikiart.org
*wikidot.com
*windguru.cz
*wpengine.com
*x.com
*xbox.com
*xerox.com
*xnxx.com
*xtracloud.net
*xv-ru.com
*xvideos-cdn.com
*xvideos.com
*youtu.be
*youtube.com
*youtubekids.com
*ytimg.com
*yting.com
*zendesk.com
*zetfix.online
*zetflix.online
bard.google.com
copilot.microsoft.com
gemini.google.com
news.google.com
play.google.com
suggestqueries.google.com
tokenized.play.google.com
wide-youtube.l.google.com
ytimg.l.google.com
